---
source: pyre/pyre-jit-trace/tests/trait_impls_snapshot.rs
expression: assembled
---
// `OpcodeHandler` trait impls for `MIFrame` — variant section, part 1.
//
// `pyre/pyre-jit-trace/build.rs` assembles `OUT_DIR/jit_trace_trait_impls.rs`
// from THREE pieces:
//
//   1. this file (`opcode_handler_impls_pre.template.rs`) — header +
//      `SharedOpcodeHandler` impl. Variant trait, hand-maintained.
//   2. `majit_translate::handler_spec::emit_simple_trait_impls()` — the 5
//      simple traits (`Constant/Stack/Truth/Iter/Local`) emitted from the
//      spec table in `majit-translate/src/handler_spec.rs`.
//   3. `opcode_handler_impls_post.template.rs` — the remaining variant
//      traits (`ControlFlow/Branch/Namespace/Arithmetic`).
//
// `lib.rs` `include!`s the assembled file once at crate root. Phase D will
// replace the simple-trait emit with codegen-derived dispatch through
// `BlackholeInterpreter::dispatch_one()` against the per-opcode jitcode
// produced by Phase C.
//
// **drift warning**: this file is a *transcription* of variant `MIFrame`
// helper logic. The helpers it calls (e.g. `MIFrame::push_value`,
// `MIFrame::call_callable_value`) live in the same crate; if you change
// those, you almost certainly need to change the matching impl block here
// too. `tests/trait_impls_snapshot.rs` guards against unintended drift by
// comparing the assembled output against a checked-in snapshot.

impl pyre_interpreter::SharedOpcodeHandler for crate::state::MIFrame {
    type Value = crate::state::FrontendOp;

    fn push_value(&mut self, value: Self::Value) -> Result<(), pyre_interpreter::PyError> {
        self.with_ctx(|this, ctx| {
            crate::state::MIFrame::push_value(this, ctx, value.opref, value.concrete);
            Ok(())
        })
    }

    fn pop_value(&mut self) -> Result<Self::Value, pyre_interpreter::PyError> {
        let s = self.sym();
        let stack_idx = s.valuestackdepth.checked_sub(s.nlocals + 1).unwrap_or(0);
        let concrete = s
            .concrete_stack
            .get(stack_idx)
            .copied()
            .unwrap_or(crate::state::ConcreteValue::Null);
        let opref =
            self.with_ctx(|this, ctx| crate::state::MIFrame::pop_value(this, ctx))?;
        Ok(crate::state::FrontendOp::new(opref, concrete))
    }

    fn peek_at(&mut self, depth: usize) -> Result<Self::Value, pyre_interpreter::PyError> {
        let s = self.sym();
        let stack_idx = s.valuestackdepth.checked_sub(s.nlocals + depth + 1);
        let concrete = stack_idx
            .and_then(|idx| s.concrete_stack.get(idx).copied())
            .unwrap_or(crate::state::ConcreteValue::Null);
        let opref = self
            .with_ctx(|this, ctx| crate::state::MIFrame::peek_value(this, ctx, depth))?;
        Ok(crate::state::FrontendOp::new(opref, concrete))
    }

    fn guard_nonnull_value(
        &mut self,
        value: Self::Value,
    ) -> Result<(), pyre_interpreter::PyError> {
        self.with_ctx(|this, ctx| {
            crate::state::MIFrame::guard_nonnull(this, ctx, value.opref);
            Ok(())
        })
    }

    fn make_function(
        &mut self,
        code_obj: Self::Value,
    ) -> Result<Self::Value, pyre_interpreter::PyError> {
        use crate::helpers::TraceHelperAccess;
        let opref = self.trace_make_function(code_obj.opref)?;
        Ok(crate::state::FrontendOp::void(opref))
    }

    fn call_callable(
        &mut self,
        callable: Self::Value,
        args: &[Self::Value],
    ) -> Result<Self::Value, pyre_interpreter::PyError> {
        // executor.execute_varargs parity: compute concrete result.
        let concrete_callable = callable.concrete.to_pyobj();
        let concrete_args: Vec<pyre_object::PyObjectRef> =
            args.iter().map(|a| a.concrete.to_pyobj()).collect();
        let args_available =
            !concrete_callable.is_null() && concrete_args.iter().all(|v| !v.is_null());
        let mut result_concrete = crate::state::ConcreteValue::Null;
        // Builtin callees cannot be inlined; compute their concrete result up
        // front (no trace-through path exists for them).
        let is_user_fn = args_available
            && unsafe {
                pyre_interpreter::is_function(concrete_callable)
                    && !pyre_interpreter::is_builtin_code(
                        pyre_interpreter::getcode(concrete_callable) as pyre_object::PyObjectRef,
                    )
            };
        if args_available && !is_user_fn {
            unsafe {
                if pyre_interpreter::is_function(concrete_callable)
                    && pyre_interpreter::is_builtin_code(
                        pyre_interpreter::getcode(concrete_callable)
                            as pyre_object::PyObjectRef,
                    )
                {
                    let code = pyre_interpreter::getcode(concrete_callable);
                    let func = pyre_interpreter::builtin_code_get(
                        code as pyre_object::PyObjectRef,
                    );
                    let result = func(&concrete_args).unwrap_or(pyre_object::PY_NULL);
                    result_concrete = crate::state::ConcreteValue::from_pyobj(result);
                }
            }
        }
        let arg_oprefs: Vec<majit_ir::OpRef> = args.iter().map(|a| a.opref).collect();
        let opref = self.call_callable_value(
            callable.opref,
            &arg_oprefs,
            concrete_callable,
            &concrete_args,
        )?;
        // pyjitpl.py:2025 concrete execution only — for residual calls.
        //
        // RPython decides perform_call (inline) vs do_residual_call BEFORE
        // executing, and only residual calls run the callee as a whole; an
        // inlined callee is traced through and its concrete values come from
        // the inline framestack. Pyre's snapshot trace shares the heap with
        // the interpreter that re-runs this iteration, so executing a callee
        // here commits its heap side effects, and the re-run repeats them
        // (issue #143). Mirror RPython: skip the whole-callee execution when
        // `call_callable_value` chose to inline (pending_inline_frame set) —
        // the inline frame's per-opcode concrete steps defer stores like the
        // root tracer does.
        if is_user_fn && self.pending_inline_frame.is_none() {
            unsafe {
                use std::cell::Cell;
                thread_local! {
                    static CONCRETE_CALL_DEPTH: Cell<u32> = Cell::new(0);
                }
                let depth = CONCRETE_CALL_DEPTH.with(|d| d.get());
                if depth < 32 {
                    CONCRETE_CALL_DEPTH.with(|d| d.set(depth + 1));
                    let exec_ctx = self.sym().concrete_execution_context;
                    let result = pyre_interpreter::call::call_user_function_plain_with_ctx(
                        exec_ctx,
                        concrete_callable,
                        &concrete_args,
                    );
                    CONCRETE_CALL_DEPTH.with(|d| d.set(depth));
                    if let Ok(result) = result {
                        result_concrete = crate::state::ConcreteValue::from_pyobj(result);
                    }
                }
            }
        }
        Ok(crate::state::FrontendOp::new(opref, result_concrete))
    }

    fn build_list(
        &mut self,
        items: &[Self::Value],
    ) -> Result<Self::Value, pyre_interpreter::PyError> {
        use crate::helpers::TraceHelperAccess;
        let concrete_items: Vec<pyre_object::PyObjectRef> =
            items.iter().map(|i| i.concrete.to_pyobj()).collect();
        let mut result_concrete = crate::state::ConcreteValue::Null;
        if concrete_items.iter().all(|v| !v.is_null()) {
            let list = pyre_interpreter::build_list_from_refs(&concrete_items);
            result_concrete = crate::state::ConcreteValue::from_pyobj(list);
        }
        let item_oprefs: Vec<majit_ir::OpRef> = items.iter().map(|i| i.opref).collect();
        let opref = self.trace_build_list(&item_oprefs)?;
        Ok(crate::state::FrontendOp::new(opref, result_concrete))
    }

    fn build_tuple(
        &mut self,
        items: &[Self::Value],
    ) -> Result<Self::Value, pyre_interpreter::PyError> {
        let concrete_items: Vec<pyre_object::PyObjectRef> =
            items.iter().map(|i| i.concrete.to_pyobj()).collect();
        let mut result_concrete = crate::state::ConcreteValue::Null;
        if concrete_items.iter().all(|v| !v.is_null()) {
            let tuple = pyre_interpreter::build_tuple_from_refs(&concrete_items);
            result_concrete = crate::state::ConcreteValue::from_pyobj(tuple);
        }
        let item_oprefs: Vec<majit_ir::OpRef> = items.iter().map(|i| i.opref).collect();
        let opref = self.trace_build_tuple_value(&item_oprefs, &concrete_items)?;
        Ok(crate::state::FrontendOp::new(opref, result_concrete))
    }

    fn build_map(
        &mut self,
        items: &[Self::Value],
    ) -> Result<Self::Value, pyre_interpreter::PyError> {
        use crate::helpers::TraceHelperAccess;
        let concrete_items: Vec<pyre_object::PyObjectRef> =
            items.iter().map(|i| i.concrete.to_pyobj()).collect();
        let mut result_concrete = crate::state::ConcreteValue::Null;
        if concrete_items.iter().all(|v| !v.is_null()) {
            let dict = pyre_interpreter::build_map_from_refs(&concrete_items)?;
            result_concrete = crate::state::ConcreteValue::from_pyobj(dict);
        }
        let item_oprefs: Vec<majit_ir::OpRef> = items.iter().map(|i| i.opref).collect();
        let opref = self.trace_build_map(&item_oprefs)?;
        Ok(crate::state::FrontendOp::new(opref, result_concrete))
    }

    fn store_subscr(
        &mut self,
        obj: Self::Value,
        key: Self::Value,
        value: Self::Value,
    ) -> Result<(), pyre_interpreter::PyError> {
        // MIFrame parity: trace-only, no concrete mutation.
        // Root frame: interpreter executes the real STORE_SUBSCR.
        // Inline frame: MetaInterp.concrete_execute_step handles it.
        self.store_subscr_value(
            obj.opref,
            key.opref,
            value.opref,
            obj.concrete.to_pyobj(),
            key.concrete.to_pyobj(),
            value.concrete.to_pyobj(),
        )
    }

    fn list_append(
        &mut self,
        list: Self::Value,
        value: Self::Value,
    ) -> Result<(), pyre_interpreter::PyError> {
        // MIFrame parity: the hook itself is trace-only — the concrete
        // LIST_APPEND mutation is performed by the eval loop
        // (`execute_opcode_step` / inline-frame `concrete_execute_step`),
        // which is why this path marks the heap mutation.
        self.dm143_mark_heap_mutated();
        self.list_append_value(
            list.opref,
            value.opref,
            list.concrete.to_pyobj(),
            value.concrete.to_pyobj(),
        )
    }

    fn unpack_sequence(
        &mut self,
        seq: Self::Value,
        count: usize,
    ) -> Result<Vec<Self::Value>, pyre_interpreter::PyError> {
        self.unpack_sequence_value(seq.opref, count, seq.concrete.to_pyobj())
    }

    fn load_attr(
        &mut self,
        obj: Self::Value,
        name: &str,
    ) -> Result<Self::Value, pyre_interpreter::PyError> {
        use crate::helpers::TraceHelperAccess;
        let mut result_concrete = crate::state::ConcreteValue::Null;
        let c_obj = obj.concrete.to_pyobj();
        if !c_obj.is_null() {
            if let Ok(result) = pyre_interpreter::baseobjspace::getattr_str(c_obj, name) {
                result_concrete = crate::state::ConcreteValue::from_pyobj(result);
            }
        }
        let opref = self.trace_load_attr(obj.opref, name)?;
        Ok(crate::state::FrontendOp::new(opref, result_concrete))
    }

    fn store_attr(
        &mut self,
        obj: Self::Value,
        name: &str,
        value: Self::Value,
    ) -> Result<(), pyre_interpreter::PyError> {
        use crate::helpers::TraceHelperAccess;
        self.trace_store_attr(obj.opref, name, value.opref)
    }
}
impl pyre_interpreter::ConstantOpcodeHandler for crate::state::MIFrame {
    fn int_constant(&mut self, value: i64) -> Result<Self::Value, pyre_interpreter::PyError> {
        use crate::helpers::TraceHelperAccess;
        let concrete = crate::state::ConcreteValue::Int(value);
        let opref = self.trace_int_constant(value)?;
        Ok(crate::state::FrontendOp::new(opref, concrete))
    }

    fn bigint_constant(
        &mut self,
        value: &pyre_interpreter::PyBigInt,
    ) -> Result<Self::Value, pyre_interpreter::PyError> {
        use crate::helpers::TraceHelperAccess;
        let concrete = crate::state::ConcreteValue::Ref(pyre_object::w_long_new(value.clone()));
        let opref = self.trace_bigint_constant(value)?;
        Ok(crate::state::FrontendOp::new(opref, concrete))
    }

    fn float_constant(&mut self, value: f64) -> Result<Self::Value, pyre_interpreter::PyError> {
        use crate::helpers::TraceHelperAccess;
        let concrete = crate::state::ConcreteValue::Float(value);
        let opref = self.trace_float_constant(value)?;
        Ok(crate::state::FrontendOp::new(opref, concrete))
    }

    fn bool_constant(&mut self, value: bool) -> Result<Self::Value, pyre_interpreter::PyError> {
        use crate::helpers::TraceHelperAccess;
        let concrete = crate::state::ConcreteValue::Int(value as i64);
        let opref = self.trace_bool_constant(value)?;
        Ok(crate::state::FrontendOp::new(opref, concrete))
    }

    fn str_constant(&mut self, value: &rustpython_wtf8::Wtf8) -> Result<Self::Value, pyre_interpreter::PyError> {
        use crate::helpers::TraceHelperAccess;
        let concrete = crate::state::ConcreteValue::Ref(pyre_object::w_str_from_wtf8(value.to_owned()));
        let opref = self.trace_str_constant(value)?;
        Ok(crate::state::FrontendOp::new(opref, concrete))
    }

    fn bytes_constant(&mut self, value: &[u8]) -> Result<Self::Value, pyre_interpreter::PyError> {
        use crate::helpers::TraceHelperAccess;
        // pyre lacks a separate bytes type — bytes literals materialise as
        // bytearray. Call sites that need true immutability must copy.
        let bytes_ref = pyre_object::bytearrayobject::w_bytearray_from_bytes(value);
        let concrete = crate::state::ConcreteValue::Ref(bytes_ref);
        let opref = self.trace_bytes_constant(value)?;
        Ok(crate::state::FrontendOp::new(opref, concrete))
    }

    fn complex_constant(&mut self, re: f64, im: f64) -> Result<Self::Value, pyre_interpreter::PyError> {
        use crate::helpers::TraceHelperAccess;
        let concrete = crate::state::ConcreteValue::Ref(pyre_object::complexobject::w_complex_new(re, im));
        let opref = self.trace_complex_constant(re, im)?;
        Ok(crate::state::FrontendOp::new(opref, concrete))
    }

    fn code_constant(
        &mut self,
        code: &pyre_interpreter::CodeObject,
    ) -> Result<Self::Value, pyre_interpreter::PyError> {
        use crate::helpers::TraceHelperAccess;
        let concrete = crate::state::ConcreteValue::Ref(
            code as *const pyre_interpreter::CodeObject as pyre_object::PyObjectRef,
        );
        let opref = self.trace_code_constant(code)?;
        Ok(crate::state::FrontendOp::new(opref, concrete))
    }

    fn none_constant(&mut self) -> Result<Self::Value, pyre_interpreter::PyError> {
        use crate::helpers::TraceHelperAccess;
        let concrete = crate::state::ConcreteValue::Ref(pyre_object::w_none());
        let opref = self.trace_none_constant()?;
        Ok(crate::state::FrontendOp::new(opref, concrete))
    }

    fn ellipsis_constant(&mut self) -> Result<Self::Value, pyre_interpreter::PyError> {
        use crate::helpers::TraceHelperAccess;
        let concrete = crate::state::ConcreteValue::Ref(pyre_object::noneobject::w_ellipsis());
        let opref = self.trace_ellipsis_constant()?;
        Ok(crate::state::FrontendOp::new(opref, concrete))
    }

    fn slice_constant(
        &mut self,
        start: Self::Value,
        stop: Self::Value,
        step: Self::Value,
    ) -> Result<Self::Value, pyre_interpreter::PyError> {
        let opref = self.with_ctx(|_this, ctx| {
            let new_op = crate::helpers::emit_box_slice_inline(
                ctx,
                start.opref,
                stop.opref,
                step.opref,
                crate::descr::w_slice_size_descr(),
                crate::descr::slice_w_start_descr(),
                crate::descr::slice_w_stop_descr(),
                crate::descr::slice_w_step_descr(),
            );
            Ok::<_, pyre_interpreter::PyError>(new_op)
        })?;
        let concrete = crate::state::ConcreteValue::Ref(
            pyre_object::w_slice_new(
                start.concrete.to_pyobj(),
                stop.concrete.to_pyobj(),
                step.concrete.to_pyobj(),
            ),
        );
        Ok(crate::state::FrontendOp::new(opref, concrete))
    }
}

impl pyre_interpreter::StackOpcodeHandler for crate::state::MIFrame {
    fn swap_values(&mut self, depth: usize) -> Result<(), pyre_interpreter::PyError> {
        self.with_ctx(|this, ctx| crate::state::MIFrame::swap_values(this, ctx, depth))
    }
}

impl pyre_interpreter::TruthOpcodeHandler for crate::state::MIFrame {
    type Truth = majit_ir::OpRef;

    fn truth_value(
        &mut self,
        value: Self::Value,
    ) -> Result<Self::Truth, pyre_interpreter::PyError> {
        self.truth_value_direct(value.opref, value.concrete.to_pyobj())
    }

    fn bool_value_from_truth(
        &mut self,
        truth: Self::Truth,
        negate: bool,
    ) -> Result<Self::Value, pyre_interpreter::PyError> {
        use crate::helpers::TraceHelperAccess;
        let opref = self.trace_bool_value_from_truth(truth, negate)?;
        Ok(crate::state::FrontendOp::new(opref, crate::state::ConcreteValue::Null))
    }
}

impl pyre_interpreter::IterOpcodeHandler for crate::state::MIFrame {
    fn ensure_iter_value(
        &mut self,
        iter: Self::Value,
    ) -> Result<(), pyre_interpreter::PyError> {
        self.with_ctx(|this, ctx| {
            crate::state::MIFrame::guard_range_iter(this, ctx, iter.opref);
            Ok(())
        })
    }

    fn concrete_iter_continues(
        &mut self,
        iter: Self::Value,
    ) -> Result<bool, pyre_interpreter::PyError> {
        let concrete_iter = iter.concrete.to_pyobj();
        crate::state::MIFrame::concrete_iter_continues(self, concrete_iter)
    }

    fn iter_next_value(
        &mut self,
        iter: Self::Value,
    ) -> Result<Self::Value, pyre_interpreter::PyError> {
        let concrete_iter = iter.concrete.to_pyobj();
        crate::state::MIFrame::iter_next_value(self, iter.opref, concrete_iter)
    }

    fn guard_optional_value(
        &mut self,
        next: Self::Value,
        continues: bool,
    ) -> Result<(), pyre_interpreter::PyError> {
        self.with_ctx(|this, ctx| {
            crate::state::MIFrame::record_for_iter_guard(this, ctx, next.opref, continues);
            Ok(())
        })
    }

    fn on_iter_exhausted(&mut self, target: usize) -> Result<(), pyre_interpreter::PyError> {
        self.with_ctx(|this, ctx| {
            crate::state::MIFrame::set_next_instr(this, ctx, target);
            Ok(())
        })
    }
}

impl pyre_interpreter::LocalOpcodeHandler for crate::state::MIFrame {
    fn load_local_value(
        &mut self,
        idx: usize,
    ) -> Result<Self::Value, pyre_interpreter::PyError> {
        let concrete = self
            .sym()
            .concrete_locals
            .get(idx)
            .copied()
            .unwrap_or(crate::state::ConcreteValue::Null);
        let opref = self.with_ctx(|this, ctx| crate::state::MIFrame::load_local_value(this, ctx, idx))?;
        Ok(crate::state::FrontendOp::new(opref, concrete))
    }

    fn load_local_checked_value(
        &mut self,
        idx: usize,
        name: &str,
    ) -> Result<Self::Value, pyre_interpreter::PyError> {
        let _ = name;
        let concrete = self
            .sym()
            .concrete_locals
            .get(idx)
            .copied()
            .unwrap_or(crate::state::ConcreteValue::Null);
        let opref = self.with_ctx(|this, ctx| crate::state::MIFrame::load_local_value(this, ctx, idx))?;
        if self.value_type(opref) == majit_ir::Type::Ref {
            self.with_ctx(|this, ctx| {
                crate::state::MIFrame::guard_nonnull(this, ctx, opref);
            });
        }
        Ok(crate::state::FrontendOp::new(opref, concrete))
    }

    fn store_local_value(
        &mut self,
        idx: usize,
        value: Self::Value,
    ) -> Result<(), pyre_interpreter::PyError> {
        if idx < self.sym().concrete_locals.len() {
            self.sym_mut().concrete_locals[idx] = value.concrete;
        }
        let concrete = value.concrete;
        self.with_ctx(|this, ctx| {
            crate::state::MIFrame::store_local_value(this, ctx, idx, value.opref, concrete)
        })
    }
}
impl pyre_interpreter::ControlFlowOpcodeHandler for crate::state::MIFrame {
    fn fallthrough_target(&mut self) -> usize {
        self.fallthrough_pc()
    }

    fn set_next_instr(&mut self, target: usize) -> Result<(), pyre_interpreter::PyError> {
        self.with_ctx(|this, ctx| {
            crate::state::MIFrame::set_next_instr(this, ctx, target);
            Ok(())
        })
    }

    #[inline(never)]
    fn close_loop_args(
        &mut self,
        target: usize,
    ) -> Result<Option<Vec<Self::Value>>, pyre_interpreter::PyError> {
        self.with_ctx(|this, ctx| {
            // pyjitpl.py:2950-3036 reached_loop_header
            let code_ptr = unsafe { (*this.sym().jitcode).code };
            let back_edge_key = crate::driver::make_green_key(code_ptr, target);
            // pyjitpl.py:2951 self.heapcache.reset()
            ctx.heap_cache_mut().reset();
            // opimpl_jit_merge_point parity (pyjitpl.py:1551,1565-1602): a
            // back-edge reached while an inline callee frame is active
            // (portal_call_depth>0) must NOT be unrolled like a root loop.
            // Its `close_loop_args_at` JUMP arg-set is built from the inline
            // callee's frame shape and diverges from the immutable root LABEL
            // (the 20-vs-17 arity crash). RPython resumes the parent via
            // finishframe + do_recursive_call(assembler_call=True) into the
            // loop token (pyjitpl.py:1579-1602). When the callee loop's
            // green key already has compiled code and the parent is the
            // root frame, take that path: signal the metainterp to pop the
            // inline frame and record a CALL_ASSEMBLER from the parent.
            // Otherwise fall back to aborting the trace and stopping the
            // root key so the callee loop compiles standalone first
            // (warmstate.py:714 get_assembler_token would synthesize a
            // compile_tmp_callback token here; until that is wired through
            // the walker, gate strictly on compiled presence). The
            // discriminators are set here and drained in
            // `trace_step_result_to_action` where the frame stack and
            // warm-state bookkeeping are reachable.
            let is_inline = !this.parent_frames.is_empty();
            if is_inline {
                let parent_is_root = this.parent_frames.len() == 1;
                let token_compiled = {
                    let (driver, _) = crate::driver::driver_pair();
                    driver.get_loop_token_number(back_edge_key).is_some()
                };
                if majit_metainterp::majit_log_enabled() {
                    let (driver, _) = crate::driver::driver_pair();
                    let mi_inline_depth = driver.meta_interp().inline_depth();
                    eprintln!(
                        "[jit][inline-loop-back-edge] parent_frames={} mi_inline_depth={} key={} target_pc={} sym_nlocals={} parent_is_root={} token_compiled={}",
                        this.parent_frames.len(),
                        mi_inline_depth,
                        back_edge_key,
                        target,
                        this.sym().nlocals,
                        parent_is_root,
                        token_compiled,
                    );
                }
                if parent_is_root && token_compiled {
                    ctx.request_recursive_call_assembler(back_edge_key, target);
                } else {
                    ctx.request_inline_loop_abort();
                }
                return Ok(None);
            }
            // pyjitpl.py:2957-2965 build live_arg_boxes ONCE.
            let live_args =
                crate::state::MIFrame::close_loop_args_at(this, ctx, Some(target));
            let live_green_boxes: Vec<majit_metainterp::GreenBox> = live_args
                .iter()
                .map(|opref| {
                    let ty = ctx.get_opref_type(*opref).unwrap_or_else(|| {
                        panic!(
                            "live_arg {opref:?} has no type in OptContext; \
                             RPython Box always carries its type"
                        )
                    });
                    majit_metainterp::GreenBox::new(*opref, ty)
                })
                .collect();

            // pyjitpl.py:2978-2983 compile_trace attempt.
            {
                let (driver, _) = crate::driver::driver_pair();
                let has_partial = driver.meta_interp().partial_trace().is_some();
                let bridge_origin = driver
                    .meta_interp()
                    .bridge_info()
                    .map(|b| (b.trace_id, b.fail_index));
                let has_targets = driver.meta_interp().has_compiled_targets(back_edge_key);
                if !has_partial && has_targets {
                    let outcome = match bridge_origin {
                        // Guard-origin: existing bridge path.
                        Some(_) => Some(driver.meta_interp_mut().compile_trace(
                            back_edge_key,
                            &live_args,
                            bridge_origin,
                        )),
                        // pyjitpl.py:3003-3007 interp-origin: close the trace as
                        // an entry bridge (ResumeFromInterpDescr) jumping into the
                        // already-compiled loop at `back_edge_key`, instead of
                        // falling through to compile_loop -> has_compiled_targets
                        // -> SwitchToBlackhole(ABORT_BAD_LOOP). compile_and_attach
                        // installs an entry bridge ending in a JUMP to the target
                        // loop (compile.py:1002-1021).
                        None => {
                            // `compile_trace_entry_data` returns `Some` only for
                            // a function-entry trace (ResumeFromInterpDescr: the
                            // interpreter portal into the function). Such a trace
                            // runs the function prologue and closes with a JUMP
                            // into the already-compiled hot loop at
                            // `back_edge_key`. A trace rooted at a *loop header*
                            // returns `None` here and falls through to
                            // compile_loop, which aborts cleanly — closing one
                            // loop header as an entry bridge into another would
                            // drop the outer loop's back-edge (its iterations
                            // would no longer run in compiled code).
                            match driver.compile_trace_entry_data() {
                                Some((original_green_key, entry_meta)) => {
                                    Some(driver.meta_interp_mut().compile_trace_from_interp(
                                        back_edge_key,
                                        &live_args,
                                        original_green_key,
                                        entry_meta,
                                    ))
                                }
                                None => Some(driver.meta_interp_mut().compile_trace(
                                    back_edge_key,
                                    &live_args,
                                    None,
                                )),
                            }
                        }
                    };
                    if matches!(outcome, Some(majit_metainterp::CompileOutcome::Compiled { .. })) {
                        if majit_metainterp::majit_log_enabled() {
                            eprintln!(
                                "[jit][reached_loop_header] compile_trace success: key={} pc={} bridge={:?}",
                                back_edge_key, target, bridge_origin
                            );
                        }
                        // pyjitpl.py:3095 raise_if_successful() — successful
                        // compile_trace raises ContinueRunningNormally and
                        // unwinds; no value propagates to the caller. Pyre
                        // ports that as an early `return Ok(None)` so the
                        // tracer stops at this point rather than falling
                        // through to the loop-close path.
                        driver.note_compile_trace_success();
                        return Ok(None);
                    }
                }
            }
            // pyjitpl.py:2994-3036 search current_merge_points; the
            // shape assert at line 2996 fires for every visited merge
            // point, regardless of whether the greenkey matches —
            // structural red-bank invariant under the same jitdriver.
            if !ctx.has_merge_point_with_shape_assert(back_edge_key, live_args.len()) {
                // pyjitpl.py:3034-3036 first visit, register & continue
                ctx.add_merge_point(back_edge_key, live_green_boxes, target);
                if majit_metainterp::majit_log_enabled() {
                    eprintln!(
                        "[jit][reached_loop_header] first visit, unroll: key={} pc={}",
                        back_edge_key, target
                    );
                }
                return Ok(None);
            }
            // pyjitpl.py:3002-3030 found, compile as loop.
            Ok(Some(
                live_args
                    .into_iter()
                    .map(crate::state::FrontendOp::void)
                    .collect(),
            ))
        })
    }
}

impl pyre_interpreter::BranchOpcodeHandler for crate::state::MIFrame {
    fn concrete_truth_as_bool(
        &mut self,
        value: Self::Value,
        _truth: Self::Truth,
    ) -> Result<bool, pyre_interpreter::PyError> {
        crate::state::MIFrame::concrete_branch_truth_for_value(
            self,
            value.opref,
            value.concrete.to_pyobj(),
        )
    }

    fn guard_truth_value(
        &mut self,
        truth: Self::Truth,
        expect_true: bool,
    ) -> Result<(), pyre_interpreter::PyError> {
        self.with_ctx(|this, ctx| {
            let opcode = if expect_true {
                majit_ir::OpCode::GuardTrue
            } else {
                majit_ir::OpCode::GuardFalse
            };
            crate::state::MIFrame::generate_guard(this, ctx, opcode, &[truth]);
            Ok(())
        })
    }

    fn record_branch_guard(
        &mut self,
        value: Self::Value,
        truth: Self::Truth,
        concrete_truth: bool,
        other_target: usize,
    ) -> Result<(), pyre_interpreter::PyError> {
        self.with_ctx(|this, ctx| {
            crate::state::MIFrame::record_branch_guard(
                this,
                ctx,
                value.opref,
                truth,
                concrete_truth,
                other_target,
            );
            Ok(())
        })
    }
}

impl pyre_interpreter::NamespaceOpcodeHandler for crate::state::MIFrame {
    fn load_name_value(
        &mut self,
        name: &str,
        _nameindex: usize,
    ) -> Result<Self::Value, pyre_interpreter::PyError> {
        use crate::helpers::TraceHelperAccess;
        let w_globals_obj = self.sym().concrete_namespace;
        // `celldict.py:285-322 _LOAD_GLOBAL_cached` + `:42-54
        // getdictvalue_no_unwrapping`: the JIT global fast path promotes
        // the module dict's `version?` quasi-immutable, folds the stored
        // value-or-cell for `name`, then reads `cell.w_value` LIVE.  The
        // cell path applies only to a `W_ModuleDictObject` still in
        // `ModuleDictStrategy` mode whose slot holds a raw value or an
        // `ObjectMutableCell`; plain dict globals, post-
        // `switch_to_object_strategy` module dicts, absent/null keys, and
        // `IntMutableCell` slots (which need `w_int_new` boxing of
        // `intvalue`) fall through to the layout-agnostic name-based path
        // (`_load_global` -> `space.finditem_str`).
        let cell_path = crate::state::module_dict_cell_slot_direct(w_globals_obj, name).and_then(
            |slot| {
                let stored = crate::state::module_dict_cell_value_direct(w_globals_obj, slot)?;
                if stored.is_null()
                    || unsafe { pyre_object::celldict::is_int_mutable_cell(stored) }
                {
                    return None;
                }
                Some((slot, stored))
            },
        );
        let Some((slot, stored)) = cell_path else {
            let frame = self.trace_frame();
            let globals = self.trace_globals_ptr();
            let opref = self.with_trace_ctx(|ctx| {
                crate::helpers::emit_trace_load_name_from_namespace(ctx, frame, globals, name)
            });
            // `pyopcode.py:958-967 _load_global`: concrete value at
            // trace time mirrors the extern's full fallback chain —
            // globals strategy dispatch, then
            // frame.get_builtin().getdictvalue.  `jit_load_name_from_namespace`
            // performs exactly that chain (and null-checks globals), so
            // it gives the correct concrete for module dicts, plain
            // dict globals, and builtin hits alike.
            let frame_ptr = self.concrete_frame_addr as i64;
            let name_bytes = name.as_bytes();
            let obj = crate::helpers::jit_load_name_from_namespace(
                frame_ptr,
                w_globals_obj as i64,
                name_bytes.as_ptr() as i64,
                name_bytes.len() as i64,
            ) as pyre_object::PyObjectRef;
            let result_concrete = crate::state::ConcreteValue::from_pyobj(obj);
            return Ok(crate::state::FrontendOp::new(opref, result_concrete));
        };
        // `typeobject.py:48-51 unwrap_cell`: the concrete LOAD result is
        // the unwrapped value (identity for a raw stored value).
        let is_obj_cell = unsafe { pyre_object::celldict::is_object_mutable_cell(stored) };
        let result_obj = unsafe { pyre_object::celldict::unwrap_cell(stored) };
        let result_concrete = crate::state::ConcreteValue::from_pyobj(result_obj);
        let opref = self.with_ctx(|_this, ctx| {
            let ns_const = ctx.const_ref(w_globals_obj as i64);
            let slot_const = ctx.const_int(slot as i64);
            // `quasiimmut.py` + `celldict.py:34 _immutable_fields_=["version?"]`:
            // 1. QUASIIMMUT_FIELD(ns, slot) — recorded as a version dep +
            //    GUARD_NOT_INVALIDATED; the compile-time glue registers the
            //    loop's invalidation flag on the strategy's version watchers.
            // 2. RECORD_KNOWN_RESULT(cell, helper, ns, slot) — seed the
            //    trace-time cell fold into call_pure_results.
            // 3. CALL_PURE_R(helper, ns, slot) — elidable cell lookup folds
            //    to the constant cell (or raw value) pointer.
            ctx.record_op(majit_ir::OpCode::QuasiimmutField, &[ns_const, slot_const]);
            let lookup_fn = crate::helpers::jit_namespace_cell_lookup as *const ();
            let lookup_args = [ns_const, slot_const];
            let lookup_arg_types = [majit_ir::Type::Ref, majit_ir::Type::Int];
            ctx.record_known_result_typed(
                stored as i64,
                lookup_fn,
                &lookup_args,
                &lookup_arg_types,
                majit_ir::Type::Ref,
                majit_metainterp::EffectInfoSlot::ElidableCannotRaise,
            );
            let concrete_args =
                crate::helpers::namespace_slot_lookup_values(lookup_fn, w_globals_obj, slot);
            let concrete_cell = crate::helpers::namespace_slot_lookup_result(stored);
            let cell_opref = crate::helpers::emit_trace_call_ref_typed_elidable_cannot_raise(
                ctx,
                lookup_fn,
                &lookup_args,
                &lookup_arg_types,
                &concrete_args,
                concrete_cell,
            );
            // When the fold produced an `ObjectMutableCell`, read
            // `cell.w_value` LIVE so a same-key reassign (in-place
            // `write_cell`, no version bump) is observed each iteration; a
            // raw stored value needs no indirection.
            let opref = if is_obj_cell {
                crate::state::opimpl_getfield_gc_r(
                    ctx,
                    cell_opref,
                    crate::descr::object_mutable_cell_value_descr(),
                )
            } else {
                cell_opref
            };
            Ok::<_, pyre_interpreter::PyError>(opref)
        })?;
        Ok(crate::state::FrontendOp::new(opref, result_concrete))
    }

    fn store_name_value(
        &mut self,
        name: &str,
        _nameindex: usize,
        value: Self::Value,
    ) -> Result<(), pyre_interpreter::PyError> {
        use crate::helpers::TraceHelperAccess;
        // `celldict.py:328-333 STORE_GLOBAL_cached`: under the JIT the
        // cell/slot path is bypassed entirely —
        // `self.space.setitem_str(self.get_w_globals(), varname, w_newvalue)`.
        // The emitted IR is layout-agnostic: `w_dict_setitem_str` on the
        // globals dict object runs the full ModuleDictStrategy.setitem_str
        // (write_cell + version mutated()) and mirrors the str-keyed write
        // into the paired DictStorage, so the LOAD fast path still observes
        // it.
        let globals = self.trace_globals_ptr();
        self.with_trace_ctx(|ctx| {
            crate::helpers::emit_trace_store_name_to_namespace(ctx, globals, name, value.opref);
            Ok(())
        })
    }

    fn null_value(&mut self) -> Result<Self::Value, pyre_interpreter::PyError> {
        use crate::helpers::TraceHelperAccess;
        let opref = self.with_trace_ctx(|ctx| ctx.const_int(0));
        Ok(crate::state::FrontendOp::new(
            opref,
            crate::state::ConcreteValue::Ref(pyre_object::PY_NULL),
        ))
    }
}

impl pyre_interpreter::ArithmeticOpcodeHandler for crate::state::MIFrame {
    fn binary_value(
        &mut self,
        a_fop: Self::Value,
        b_fop: Self::Value,
        op: BinaryOperator,
    ) -> Result<Self::Value, pyre_interpreter::PyError> {
        let a = a_fop.opref;
        let b = b_fop.opref;
        let lhs_obj = a_fop.concrete.to_pyobj();
        let rhs_obj = b_fop.concrete.to_pyobj();
        // Concrete result via interpreter dispatch (baseobjspace).
        let result_concrete = crate::concrete_binary_value(op, lhs_obj, rhs_obj);
        if matches!(op, BinaryOperator::Subscr) {
            let fop = self.binary_subscr_value(a, b, lhs_obj, rhs_obj)?;
            let concrete = if result_concrete.is_null() {
                fop.concrete
            } else {
                result_concrete
            };
            return Ok(crate::state::FrontendOp::new(fop.opref, concrete));
        }
        let is_float_path = (!lhs_obj.is_null()
            && !rhs_obj.is_null()
            && unsafe { pyre_object::is_float(lhs_obj) || pyre_object::is_float(rhs_obj) })
            || self.value_type(a) == majit_ir::Type::Float
            || self.value_type(b) == majit_ir::Type::Float;
        let opref = if is_float_path {
            self.binary_float_value(a, b, op, lhs_obj, rhs_obj)?
        } else {
            self.binary_int_value(a, b, op, lhs_obj, rhs_obj)?
        };
        Ok(crate::state::FrontendOp::new(opref, result_concrete))
    }

    fn compare_value(
        &mut self,
        a_fop: Self::Value,
        b_fop: Self::Value,
        op: ComparisonOperator,
    ) -> Result<Self::Value, pyre_interpreter::PyError> {
        let a = a_fop.opref;
        let b = b_fop.opref;
        let lhs_obj = a_fop.concrete.to_pyobj();
        let rhs_obj = b_fop.concrete.to_pyobj();
        // Concrete result via interpreter dispatch (baseobjspace::compare).
        let result_concrete = crate::concrete_compare_value(op, lhs_obj, rhs_obj);
        let opref = self.compare_value_direct(a, b, op, lhs_obj, rhs_obj)?;
        Ok(crate::state::FrontendOp::new(opref, result_concrete))
    }

    fn unary_negative_value(
        &mut self,
        value: Self::Value,
    ) -> Result<Self::Value, pyre_interpreter::PyError> {
        let concrete_val = value.concrete.to_pyobj();
        let mut result_concrete = crate::state::ConcreteValue::Null;
        if !concrete_val.is_null() && unsafe { pyre_object::is_int(concrete_val) } {
            // Compute the concrete via interpreter dispatch (baseobjspace::neg),
            // mirroring `concrete_binary_value` / `concrete_compare_value`:
            // `checked_neg` promotes `i64::MIN` to a `W_Long` bigint instead of
            // wrapping, matching the executed value.  For ordinary ints this
            // yields the same `Int(-v)`.
            if let Ok(r) = pyre_interpreter::opcode_ops::unary_negative_value(concrete_val) {
                result_concrete = crate::state::ConcreteValue::from_pyobj(r);
            }
        }
        let opref = self.unary_int_value(value.opref, majit_ir::OpCode::IntNeg, concrete_val)?;
        Ok(crate::state::FrontendOp::new(opref, result_concrete))
    }

    fn unary_invert_value(
        &mut self,
        value: Self::Value,
    ) -> Result<Self::Value, pyre_interpreter::PyError> {
        let concrete_val = value.concrete.to_pyobj();
        let mut result_concrete = crate::state::ConcreteValue::Null;
        if !concrete_val.is_null() && unsafe { pyre_object::is_int(concrete_val) } {
            let v = unsafe { pyre_object::w_int_get_value(concrete_val) };
            result_concrete = crate::state::ConcreteValue::Int(!v);
        }
        let opref = self.unary_int_value(value.opref, majit_ir::OpCode::IntInvert, concrete_val)?;
        Ok(crate::state::FrontendOp::new(opref, result_concrete))
    }
}
